// Jest Snapshot v1, https://goo.gl/fbAQLP

exports[`Input:  renders a snapshot of <Input /> when input is passed to a component  1`] = `
<div
  className="input_container"
>
  <div
    className="input-group singleInput"
  >
    <input
      className="form-control input"
      name="firstName"
      onChange={[Function]}
      placeholder="First Name"
      type="text"
      value="Gerald"
    />
  </div>
</div>
`;
